
> syncrio@0.1.0 build
> next build

   Γû▓ Next.js 15.5.0
   - Environments: .env

   Creating an optimized production build ...
 Γ£ô Compiled successfully in 13.5s
   Skipping validation of types
   Skipping linting
   Collecting page data ...
node.exe : 
unhandledRejection Error: 
Cannot find module 
'./5611.js'
At line:1 char:1
+ & "C:\Program 
Files\nodejs/node.exe" 
"C:\Program 
Files\nodejs/node_mo ...
+ ~~~~~~~~~~~~~~~~~~~~~~~~
~~~~~~~~~~~~~~~~~~~~~~~~~~
~~~~~~~~~~~~~~~~~~~
    + CategoryInfo        
      : NotSpecified: (u  
  nhandledReject...ule    
 './5611.js':String) [    
], RemoteException
    + FullyQualifiedError 
   Id : NativeCommandErr  
  or
 
Require stack:
- D:\Company-Business\Apps
\syncrio\.next\server\webp
ack-runtime.js
- D:\Company-Business\Apps
\syncrio\.next\server\page
s\_document.js
- D:\Company-Business\Apps
\syncrio\node_modules\next
\dist\server\require.js
- D:\Company-Business\Apps
\syncrio\node_modules\next
\dist\server\load-componen
ts.js
- D:\Company-Business\Apps
\syncrio\node_modules\next
\dist\build\utils.js
- D:\Company-Business\Apps
\syncrio\node_modules\next
\dist\build\worker.js
- D:\Company-Business\Apps
\syncrio\node_modules\next
\dist\compiled\jest-worker
\processChild.js
    at __webpack_require__
.f.require (D:\Company-Bus
iness\Apps\syncrio\.next\s
erver\webpack-runtime.js:2
00:28) {
  type: 'Error',
  code: 
'MODULE_NOT_FOUND',
  requireStack: [Array]
}
